[html.design/demo/restaurant/index.html]
[html.design/detroitchicago/boise.js]
[html.design/detroitchicago/boise420f.js]
[html.design/detroitchicago/memphis.js]
[html.design/detroitchicago/memphisf5cf.js]
[html.design/detroitchicago/minneapolis.js]
[html.design/detroitchicago/minneapolis453e.js]
[html.design/detroitchicago/rochester.js]
[html.design/detroitchicago/rochester9620.js]
[html.design/detroitchicago/raleigh.js]
[html.design/detroitchicago/raleigh2693.js]
[html.design/detroitchicago/tampa.js]
[html.design/detroitchicago/tampa45f7.js]
[html.design/detroitchicago/tulsa.js]
[backblue.gif]
[fade.gif]
[index.html]
[html.design/detroitchicago/tulsa1fee.js]
[html.design/demo/restaurant/images/favicon.ico]
[html.design/demo/restaurant/images/apple-touch-icon.png]
[html.design/demo/restaurant/css/bootstrap.min.css]
[html.design/demo/restaurant/css/style.css]
[html.design/demo/restaurant/css/responsive.css]
[html.design/demo/restaurant/css/colors/orange.css]
[html.design/demo/restaurant/js/modernizer.js]
[html.design/demo/restaurant/images/logo.png]
[html.design/demo/restaurant/images/about-main.jpg]
[html.design/demo/restaurant/images/about-inset.jpg]
[html.design/demo/restaurant/images/special-menu-1.jpg]
[html.design/demo/restaurant/images/special-menu-2.jpg]
[html.design/demo/restaurant/images/special-menu-3.jpg]
[html.design/demo/restaurant/images/menu-item-thumbnail-01.jpg]
[html.design/demo/restaurant/images/menu-item-thumbnail-02.jpg]
[html.design/demo/restaurant/images/menu-item-thumbnail-03.jpg]
[html.design/demo/restaurant/images/menu-item-thumbnail-04.jpg]
[html.design/demo/restaurant/images/menu-item-thumbnail-05.jpg]
[html.design/demo/restaurant/images/menu-item-thumbnail-06.jpg]
[html.design/demo/restaurant/images/menu-item-thumbnail-07.jpg]
[html.design/demo/restaurant/images/menu-item-thumbnail-08.jpg]
[html.design/demo/restaurant/images/menu-item-thumbnail-09.jpg]
[html.design/demo/restaurant/images/menu-item-thumbnail-10.jpg]
[html.design/demo/restaurant/images/staff-01.jpg]
[html.design/demo/restaurant/images/staff-02.jpg]
[html.design/demo/restaurant/images/staff-03.jpg]
[html.design/demo/restaurant/images/gallery_01.jpg]
[html.design/demo/restaurant/images/gallery_02.jpg]
[html.design/demo/restaurant/images/gallery_03.jpg]
[html.design/demo/restaurant/images/gallery_04.jpg]
[html.design/demo/restaurant/images/gallery_05.jpg]
[html.design/demo/restaurant/images/gallery_07.jpg]
[html.design/demo/restaurant/images/gallery_06.jpg]
[html.design/demo/restaurant/images/gallery_08.jpg]
[html.design/demo/restaurant/images/gallery_09.jpg]
[html.design/demo/restaurant/images/gallery_10.jpg]
[html.design/demo/restaurant/images/featured-image-01.jpg]
[html.design/demo/restaurant/images/featured-image-02.jpg]
[html.design/demo/restaurant/images/featured-image-03.jpg]
[html.design/demo/restaurant/images/featured-image-04.jpg]
[html.design/demo/restaurant/images/store.png]
[html.design/demo/restaurant/images/food.png]
[html.design/demo/restaurant/images/coffee.png]
[html.design/cdn-cgi/scripts/5c5dd728/cloudflare-static/email-decode.min.js]
[html.design/demo/restaurant/js/all.js]
[html.design/demo/restaurant/js/bootstrap.min.js]
[html.design/demo/restaurant/js/custom.js]
[html.design/tardisrocinante/vitals.js]
[html.design/tardisrocinante/vitals5038.js]
[html.design/demo/restaurant/audins.js]
[go.ezoic.net/detroitchicago/audins0d9f.js]
[pixel.quantserve.com/pixel/p-31iz6hfFutd16d537.gif]
[html.design/beardeddragon/drake.js]
[html.design/beardeddragon/drake6190.js]
[html.design/demo/restaurant/index.html]
[html.design/demo/restaurant/images/favicon.html]
[html.design/demo/restaurant/images/apple-touch-icon.html]
[html.design/demo/restaurant/fonts/glyphicons-halflings-regular.eot]
[html.design/demo/restaurant/fonts/glyphicons-halflings-regulard41d.eot]
[html.design/demo/restaurant/fonts/glyphicons-halflings-regular.woff2]
[html.design/demo/restaurant/fonts/glyphicons-halflings-regular.woff]
[html.design/demo/restaurant/fonts/glyphicons-halflings-regulard41d.eot]
[html.design/demo/restaurant/fonts/glyphicons-halflings-regular.ttf]
[html.design/demo/restaurant/fonts/glyphicons-halflings-regular.woff2]
[html.design/demo/restaurant/css/bootstrap.min.css]
[html.design/demo/restaurant/fonts/glyphicons-halflings-regular.svg]
[html.design/demo/restaurant/fonts/glyphicons-halflings-regular.woff]
[html.design/demo/restaurant/fonts/glyphicons-halflings-regular.ttf]
[html.design/demo/restaurant/css/owl.theme.css]
[html.design/demo/restaurant/css/owl.carousel.css]
[html.design/demo/restaurant/css/slick.css]
[html.design/demo/restaurant/css/flaticon.css]
[html.design/demo/restaurant/css/font-awesome.min.css]
[html.design/demo/restaurant/css/bootstrap-datetimepicker.css]
[html.design/demo/restaurant/css/bootstrap-select.min.css]
[html.design/demo/restaurant/css/normalize.css]
[html.design/demo/restaurant/css/animate.min.css]
[html.design/demo/restaurant/fonts/nautilus-webfont.woff2]
[html.design/demo/restaurant/fonts/nautilus-webfont.woff]
[html.design/demo/restaurant/images/loader-animation.gif]
[html.design/demo/restaurant/images/icon_top.png]
[html.design/demo/restaurant/images/loader-animation.gif]
[html.design/demo/restaurant/images/icon_top.png]
[html.design/demo/restaurant/images/banner.jpg]
[html.design/demo/restaurant/images/special_menu_bg.jpg]
[html.design/demo/restaurant/images/banner.jpg]
[html.design/demo/restaurant/images/team_bg.jpg]
[html.design/demo/restaurant/images/special_menu_bg.jpg]
[html.design/demo/restaurant/images/blog_bg.jpg]
[html.design/demo/restaurant/images/team_bg.jpg]
[html.design/demo/restaurant/images/full-bg.png]
[html.design/demo/restaurant/images/blog_bg.jpg]
[html.design/demo/restaurant/images/newsletter-bg.jpg]
[html.design/demo/restaurant/images/full-bg.png]
[html.design/demo/restaurant/css/..images/footer_background.jpg]
[html.design/demo/restaurant/images/footer_background.jpg]
[html.design/demo/restaurant/css/style.css]
[html.design/demo/restaurant/images/footer_background.jpg]
[html.design/demo/restaurant/images/newsletter-bg.jpg]
[html.design/demo/restaurant/images/back.png]
[html.design/demo/restaurant/images/back_hover.png]
[html.design/demo/restaurant/images/next.png]
[html.design/demo/restaurant/css/responsive.css]
[html.design/demo/restaurant/css/colors/orange.css]
[html.design/demo/restaurant/audins.html]
[html.design/demo/restaurant/images/next_hover.png]
[html.design/demo/restaurant/fonts/glyphicons-halflings-regular.svg]
[html.design/demo/restaurant/css/AjaxLoader.66.delayed]
[html.design/demo/restaurant/css/owl.theme.css]
[html.design/demo/restaurant/css/grabbing.png]
[html.design/demo/restaurant/css/owl.carousel.css]
[html.design/demo/restaurant/css/slick.css]
[html.design/demo/restaurant/fonts/Flaticon.eot]
[html.design/demo/restaurant/fonts/Flaticond41d.eot]
[html.design/demo/restaurant/fonts/Flaticon.woff]
[html.design/demo/restaurant/fonts/Flaticon.ttf]
[html.design/demo/restaurant/fonts/Flaticond41d.eot]
[html.design/demo/restaurant/css/flaticon.css]
[html.design/demo/restaurant/fonts/Flaticon.svg]
[html.design/demo/restaurant/fonts/Flaticon.woff]
[html.design/demo/restaurant/fonts/Flaticon.ttf]
[html.design/demo/restaurant/fonts/fontawesome-webfont3e6e.eot]
[html.design/demo/restaurant/fonts/fontawesome-webfontd41d.eot]
[html.design/demo/restaurant/fonts/fontawesome-webfont3e6e.woff2]
[html.design/demo/restaurant/fonts/fontawesome-webfont3e6e.woff]
[html.design/demo/restaurant/fonts/fontawesome-webfontd41d.eot]
[html.design/demo/restaurant/fonts/fontawesome-webfont3e6e.woff2]
[html.design/demo/restaurant/fonts/fontawesome-webfont3e6e.ttf]
[html.design/demo/restaurant/fonts/fontawesome-webfont3e6e.woff]
[html.design/demo/restaurant/css/font-awesome.min.css]
[html.design/demo/restaurant/fonts/fontawesome-webfont3e6e.svg]
[html.design/demo/restaurant/css/bootstrap-datetimepicker.css]
[html.design/demo/restaurant/css/bootstrap-select.min.css]
[html.design/demo/restaurant/css/normalize.css]
[html.design/demo/restaurant/css/animate.min.css]
[html.design/demo/restaurant/css/..images/footer_background.html]
[html.design/demo/restaurant/fonts/fontawesome-webfont3e6e.ttf]
[html.design/detroitchicago/grapefruit.html]
[html.design/porpoiseant/army.html]
[html.design/demo/restaurant/css/AjaxLoader.html]
[html.design/demo/restaurant/css/grabbing.html]
[html.design/demo/restaurant/fonts/Flaticon.svg]
[html.design/demo/restaurant/fonts/fontawesome-webfont3e6e.svg]
